
> PROYECTO E-COMMERCE@ build C:\Users\jotap\Desktop\SW\PROYECTO E-COMMERCE
> turbo run build "--filter" "web"

• turbo 2.8.1
• Packages in scope: web
• Running build in 1 packages
• Remote caching disabled
web:build: cache miss, executing 42fced9519c3661d
web:build: 
web:build: > web@0.1.0 build C:\Users\jotap\Desktop\SW\PROYECTO E-COMMERCE\apps\web
web:build: > next build
web:build: 
web:build: ▲ Next.js 16.1.0 (Turbopack)
web:build: 
web:build:   Creating an optimized production build ...
web:build: Turbopack build encountered 1 warnings:
web:build: ./apps/web/postcss.config.js
web:build: Specified module format (EcmaScript Modules) is not matching the module format of the source code (CommonJs)
web:build: The EcmaScript module format was specified in the package.json that is affecting this source file or by using an special extension, but it looks like that CommonJs syntax is used in the source code.
web:build: Exports made by CommonJs syntax will lead to a runtime error, since the module is in EcmaScript mode. Either change the "type" field in the package.json or replace CommonJs syntax with EcmaScript import/export syntax in the source file.
web:build: 
web:build: 
web:build: 
web:build: > Build error occurred
web:build: Error: Turbopack build failed with 3 errors:
web:build: ./apps/web/app/geistmono_df95d851.module.css
web:build: Error evaluating Node.js code
web:build: Error: Failed to load external module file:///C:/Users/jotap/Desktop/SW/PROYECTO%20E-COMMERCE/apps/web/postcss.config.js: ReferenceError: module is not defined in ES module scope
web:build: This file is being treated as an ES module because it has a '.js' file extension and 'C:\Users\jotap\Desktop\SW\PROYECTO E-COMMERCE\apps\web\package.json' contains "type": "module". To treat it as a CommonJS script, rename it to use the '.cjs' file extension.
web:build:     at Context.externalImport [as y] (turbopack:///[turbopack]/shared-node/base-externals-utils.ts:16:11) [C:\Users\jotap\Desktop\SW\PROYECTO E-COMMERCE\apps\web\.next\build\chunks\[turbopack]_runtime.js:518:15]
web:build:     [at process.processTicksAndRejections (node:internal/process/task_queues:103:5)]
web:build:     at async (apps/web/postcss.config.js_.loader.mjs:9:13) [C:\Users\jotap\Desktop\SW\PROYECTO E-COMMERCE\apps\web\.next\build\chunks\[root-of-the-server]__91cc9ddc._.js:50:13]
web:build: 
web:build: Import trace:
web:build:   Server Component:
web:build:     ./apps/web/app/geistmono_df95d851.module.css
web:build:     ./apps/web/app/geistmono_df95d851.js
web:build:     ./apps/web/app/layout.tsx
web:build: 
web:build: 
web:build: ./apps/web/app/geistsans_d025f23b.module.css
web:build: Error evaluating Node.js code
web:build: Error: Failed to load external module file:///C:/Users/jotap/Desktop/SW/PROYECTO%20E-COMMERCE/apps/web/postcss.config.js: ReferenceError: module is not defined in ES module scope
web:build: This file is being treated as an ES module because it has a '.js' file extension and 'C:\Users\jotap\Desktop\SW\PROYECTO E-COMMERCE\apps\web\package.json' contains "type": "module". To treat it as a CommonJS script, rename it to use the '.cjs' file extension.
web:build:     at Context.externalImport [as y] (turbopack:///[turbopack]/shared-node/base-externals-utils.ts:16:11) [C:\Users\jotap\Desktop\SW\PROYECTO E-COMMERCE\apps\web\.next\build\chunks\[turbopack]_runtime.js:518:15]
web:build:     [at process.processTicksAndRejections (node:internal/process/task_queues:103:5)]
web:build:     at async (apps/web/postcss.config.js_.loader.mjs:9:13) [C:\Users\jotap\Desktop\SW\PROYECTO E-COMMERCE\apps\web\.next\build\chunks\[root-of-the-server]__91cc9ddc._.js:50:13]
web:build: 
web:build: Import trace:
web:build:   Server Component:
web:build:     ./apps/web/app/geistsans_d025f23b.module.css
web:build:     ./apps/web/app/geistsans_d025f23b.js
web:build:     ./apps/web/app/layout.tsx
web:build: 
web:build: 
web:build: ./apps/web/app/globals.css
web:build: Error evaluating Node.js code
web:build: Error: Failed to load external module file:///C:/Users/jotap/Desktop/SW/PROYECTO%20E-COMMERCE/apps/web/postcss.config.js: ReferenceError: module is not defined in ES module scope
web:build: This file is being treated as an ES module because it has a '.js' file extension and 'C:\Users\jotap\Desktop\SW\PROYECTO E-COMMERCE\apps\web\package.json' contains "type": "module". To treat it as a CommonJS script, rename it to use the '.cjs' file extension.
web:build:     at Context.externalImport [as y] (turbopack:///[turbopack]/shared-node/base-externals-utils.ts:16:11) [C:\Users\jotap\Desktop\SW\PROYECTO E-COMMERCE\apps\web\.next\build\chunks\[turbopack]_runtime.js:518:15]
web:build:     [at process.processTicksAndRejections (node:internal/process/task_queues:103:5)]
web:build:     at async (apps/web/postcss.config.js_.loader.mjs:9:13) [C:\Users\jotap\Desktop\SW\PROYECTO E-COMMERCE\apps\web\.next\build\chunks\[root-of-the-server]__91cc9ddc._.js:50:13]
web:build: 
web:build: Import trace:
web:build:   Client Component Browser:
web:build:     ./apps/web/app/globals.css [Client Component Browser]
web:build:     ./apps/web/app/layout.tsx [Server Component]
web:build: 
web:build: 
web:build:     at Context.externalImport [as y] (turbopack:///[turbopack]/shared-node/base-externals-utils.ts:16:11) [C:\Users\jotap\Desktop\SW\PROYECTO E-COMMERCE\apps\web\.next\build\chunks\[turbopack]_runtime.js:518:15])
web:build:     at Context.externalImport [as y] (turbopack:///[turbopack]/shared-node/base-externals-utils.ts:16:11) [C:\Users\jotap\Desktop\SW\PROYECTO E-COMMERCE\apps\web\.next\build\chunks\[turbopack]_runtime.js:518:15])
web:build:     at Context.externalImport [as y] (turbopack:///[turbopack]/shared-node/base-externals-utils.ts:16:11) [C:\Users\jotap\Desktop\SW\PROYECTO E-COMMERCE\apps\web\.next\build\chunks\[turbopack]_runtime.js:518:15])
web:build:  ELIFECYCLE  Command failed with exit code 1.
web:build: ERROR: command finished with error: command (C:\Users\jotap\Desktop\SW\PROYECTO E-COMMERCE\apps\web) C:\Users\jotap\AppData\Local\pnpm\.tools\pnpm\9.0.0\bin\pnpm.CMD run build exited (1)
web#build: command (C:\Users\jotap\Desktop\SW\PROYECTO E-COMMERCE\apps\web) C:\Users\jotap\AppData\Local\pnpm\.tools\pnpm\9.0.0\bin\pnpm.CMD run build exited (1)

 Tasks:    0 successful, 1 total
Cached:    0 cached, 1 total
  Time:    3.752s 
Failed:    web#build

 ERROR  run failed: command  exited (1)
 ELIFECYCLE  Command failed with exit code 1.
