node.exe : ÔÇó turbo 2.8.1
En C:\nvm4w\nodejs\npx.ps1: 16 Carácter: 5
+     & "$basedir/node$exe"  "$basedir/node_modules/npm/bin/npx-cli.js" ...
+     ~~~~~~~~~~~~~~~~~~~~~~~~~~~~~~~~~~~~~~~~~~~~~~~~~~~~~~~~~~~~~~~~~
    + CategoryInfo          : NotSpecified: (ÔÇó turbo 2.8.1:String) [], Remot 
   eException
    + FullyQualifiedErrorId : NativeCommandError
 
ÔÇó Packages in scope: web
ÔÇó Running build in 1 packages
ÔÇó Remote caching disabled
web:build: cache miss, executing 531102b19a923aa3
web:build: 
web:build: > web@0.1.0 build C:\Users\jotap\Desktop\SW\PROYECTO E-COMMERCE\apps\web
web:build: > next build
web:build: 
web:build: Ôû▓ Next.js 16.1.0 (Turbopack)
web:build: 
web:build: ÔÜá The "middleware" file convention is deprecated. Please use "proxy" instead. Learn more: https://nextjs.org/docs/messages/middleware-to-proxy
web:build:   Creating an optimized production build ...
web:build: Ô£ô Compiled successfully in 7.5s
web:build:   Running TypeScript ...
web:build: Failed to compile.
web:build: 
web:build: .next/types/validator.ts:61:31
web:build: Type error: Type 'typeof import("C:/Users/jotap/Desktop/SW/PROYECTO E-COMMERCE/apps/web/app/(profile)/orders/page")' does not satisfy the constraint 'AppPageConfig<"/orders">'.
web:build:   Property 'default' is missing in type 'typeof import("C:/Users/jotap/Desktop/SW/PROYECTO E-COMMERCE/apps/web/app/(profile)/orders/page")' but required in type 'AppPageConfig<"/orders">'.
web:build: 
web:build: [0m [90m 59 |[39m   type __IsExpected[33m<[39m[33mSpecific[39m [36mextends[39m [33mAppPageConfig[39m[33m<[39m[32m"/orders"[39m[33m>>[39m [33m=[39m [33mSpecific[39m
web:build:  [90m 60 |[39m   [36mconst[39m handler [33m=[39m {} [36mas[39m [36mtypeof[39m [36mimport[39m([32m"../../app/(profile)/orders/page.js"[39m)
web:build: [31m[1m>[22m[39m[90m 61 |[39m   type __Check [33m=[39m __IsExpected[33m<[39m[36mtypeof[39m handler[33m>[39m
web:build:  [90m    |[39m                               [31m[1m^[22m[39m
web:build:  [90m 62 |[39m   [90m// @ts-ignore[39m
web:build:  [90m 63 |[39m   type __Unused [33m=[39m __Check
web:build:  [90m 64 |[39m }[0m
web:build: Next.js build worker exited with code: 1 and signal: null
web:build: ÔÇëELIFECYCLEÔÇë Command failed with exit code 1.
web:build: ERROR: command finished with error: command 
(C:\Users\jotap\Desktop\SW\PROYECTO E-COMMERCE\apps\web) 
C:\nvm4w\nodejs\pnpm.cmd run build exited (1)
web#build: command (C:\Users\jotap\Desktop\SW\PROYECTO E-COMMERCE\apps\web) 
C:\nvm4w\nodejs\pnpm.cmd run build exited (1)

 Tasks:    0 successful, 1 total
Cached:    0 cached, 1 total
  Time:    15.141s 
Failed:    web#build

 ERROR  run failed: command  exited (1)
